// Jest Snapshot v1, https://goo.gl/fbAQLP

exports[`render click component render component click 1`] = `[Function]`;
